C51 COMPILER V9.60.7.0   MAIN                                                              09/25/2023 11:55:53 PAGE 1   


C51 COMPILER V9.60.7.0, COMPILATION OF MODULE MAIN
OBJECT MODULE PLACED IN .\Objects\main.obj
COMPILER INVOKED BY: D:\Keil_v5\C51\BIN\C51.EXE main.c OPTIMIZE(8,SPEED) BROWSE DEBUG OBJECTEXTEND PRINT(.\Listings\main
                    -.lst) TABS(2) OBJECT(.\Objects\main.obj)

line level    source

   1          #include <reg52.h>//引入52系列单片机头文件
   2          #include <intrins.h>//引入intrins内置函数
   3          
   4          //延迟函数,单位约10微秒，此处利用的是CPU处理的延时，并不准确
   5          //11.0952MHz测得执行时间为0.000009771593，约为9.771593微秒
   6          void delay(unsigned int us)
   7          {
   8   1        while(us--);//循环执行，递减
   9   1      }
  10          
  11          
  12          
  13          void main()
  14          {
  15   1        while(1)
  16   1        {
  17   2          int i;
  18   2          P2 = 0xfe;//二进制11111110，对应LED P2^7到0
  19   2          for(i=0;i<7;i++)
  20   2          {
  21   3            P2 = _crol_(P2,1);//使LED 从11111110左移一位11111101
  22   3            delay(5000);//1秒为1000毫秒1000000微秒，此处为0.05秒，断点结束时间0.09813911
  23   3          }
  24   2          for(i=0;i<7;i++)
  25   2          {
  26   3            P2 = _cror_(P2,1);//使LED从上方代码执行后的01111111右移一位变为10111111
  27   3            delay(5000);
  28   3          }
  29   2        }
  30   1      }


MODULE INFORMATION:   STATIC OVERLAYABLE
   CODE SIZE        =    100    ----
   CONSTANT SIZE    =   ----    ----
   XDATA SIZE       =   ----    ----
   PDATA SIZE       =   ----    ----
   DATA SIZE        =   ----       2
   IDATA SIZE       =   ----    ----
   BIT SIZE         =   ----    ----
END OF MODULE INFORMATION.


C51 COMPILATION COMPLETE.  0 WARNING(S),  0 ERROR(S)
